Microchip MPLAB XC8 Compiler V3.10

Linker command line:

-W-3 \
  --edf=C:\Program Files\Microchip\xc8\v3.10\pic\dat\20250813170317_en.msgs \
  -cn -h+dist/default/production\Car_Black_Box.X.production.sym \
  --cmf=dist/default/production\Car_Black_Box.X.production.cmf -z -Q18F4580 \
  -oC:\Users\OMKARS~1\AppData\Local\Temp\xcAs3ro.0\driver_tmp_3.o \
  --defsym=__MPLAB_BUILD=1 --fixupoverflow=error \
  -Mdist/default/production/Car_Black_Box.X.production.map \
  --md=C:\Users\OMKARS~1\AppData\Local\Temp\xcAs3ro.0\driver_tmp_0.dat -E1 \
  -ver=XC8 Compiler -ACODE=00h-03000h -ACONST=00h-03000h \
  -ASMALLCONST=0600h-06FFhx42,03000h-03000h -AMEDIUMCONST=0600h-03000h \
  -ACOMRAM=01h-05Fh -AABS1=00h-05FFh -ABIGRAM=01h-05FFh \
  -ARAM=060h-0FFh,0100h-01FFhx5 -ABANK0=060h-0FFh -ABANK1=0100h-01FFh \
  -ABANK2=0200h-02FFh -ABANK3=0300h-03FFh -ABANK4=0400h-04FFh \
  -ABANK5=0500h-05FFh -ASFR=0D00h-0DFFhx2,0F00h-0F5Fh,0F60h-0FFFh \
  -ABIGSFR=0D00h-0FFFh -ACONFIG=0300000h-030000Dh -AIDLOC=0200000h-0200007h \
  -AEEDATA=0F00000h-0F000FFh -peeprom_data=EEDATA \
  -preset_vec=00h,intcode=8h,intcodelo=18h,sivt_lo,sivt_hi=CODE \
  -ppowerup=CODE,init -pramtop=0600h -psmallconst=SMALLCONST \
  -pmediumconst=MEDIUMCONST -pconst=CONST -AFARRAM=00h-00h \
  -prdata=COMRAM,nvrram=COMRAM,nvbit=COMRAM,rbss=COMRAM,rbit=COMRAM \
  -pfarbss=FARRAM,fardata=FARRAM,nvFARRAM=FARRAM \
  -pintsave_regs=BIGRAM,bigbss=BIGRAM,bigdata=BIGRAM -pbss=RAM \
  -pidata=CODE,irdata=CODE,ibigdata=CODE,ifardata=CODE -prparam=COMRAM \
  C:\Users\OMKARS~1\AppData\Local\Temp\xcAs3ro.0\driver_tmp_9.o \
  dist/default/production\Car_Black_Box.X.production.o 

Object code version is 3.11

Machine type is 18F4580



                Name                               Link     Load   Length Selector   Space Scale
C:\Users\OMKARS~1\AppData\Local\Temp\xcAs3ro.0\driver_tmp_9.o
                idloc                            200000   200000        8        0       5
                config                           300000   300000        E        0       4
                init                               2FFC     2FFC        4     17FE       0
                reset_vec                             0        0        4        0       0
dist/default/production\Car_Black_Box.X.production.o
                idloc                            200000   200000        8        0       5
                config                           300000   300000        E        0       4
                mediumconst                        2F74     2F74       88     17BA       0
                text45                             1562     1562       3A      AB1       0
                text44                             183A     183A       6C      C1D       0
                text43                             159C     159C       44      ACE       0
                text42                             1460     1460       18      A30       0
                text41                             265C     265C      1A0     132E       0
                text40                             1770     1770       64      BB8       0
                text39                             1428     1428       10      A14       0
                text38                             24CC     24CC      190     1266       0
                text37                             1478     1478       18      A3C       0
                text36                             1712     1712       5E      B89       0
                text35                             20EC     20EC      130     1076       0
                text34                             1490     1490       1C      A48       0
                text33                             1ACE     1ACE       A6      D67       0
                text32                             13DE     13DE        6      9EF       0
                text31                             1438     1438       12      A1C       0
                text30                             13E4     13E4        8      9F2       0
                text29                             1404     1404        C      A02       0
                text28                             13EC     13EC        8      9F6       0
                text27                             13F4     13F4        8      9FA       0
                text26                             13FC     13FC        8      9FE       0
                text25                             1410     1410        C      A08       0
                text24                             1506     1506       2A      A83       0
                text23                             14C8     14C8       1E      A64       0
                text22                             1626     1626       48      B13       0
                text21                             144A     144A       16      A25       0
                text20                             141C     141C        C      A0E       0
                text19                             14E6     14E6       20      A73       0
                text18                             14AC     14AC       1C      A56       0
                text17                             1EB6     1EB6      108      F5B       0
                text16                             1C22     1C22       C0      E11       0
                text15                             1B74     1B74       AE      DBA       0
                text14                             2358     2358      174     11AC       0
                text13                             1918     1918       84      C8C       0
                text12                             29B0     29B0      236     14D8       0
                text11                             17D4     17D4       66      BEA       0
                text10                             2BE6     2BE6      38E     15F3       0
                text9                              1DB0     1DB0      106      ED8       0
                text8                              18A6     18A6       72      C53       0
                text7                              27FC     27FC      1B4     13FE       0
                text6                              1530     1530       32      A98       0
                text5                              1CE2     1CE2       CE      E71       0
                text4                              1A34     1A34       9A      D1A       0
                text3                              15E0     15E0       46      AF0       0
                text2                              1FBE     1FBE      12E      FDF       0
                text1                              221C     221C      13C     110E       0
                text0                              199C     199C       98      CCE       0
                cstackCOMRAM                          1        1       35        1       1
                bssBANK1                            100      100       A0      100       1
                dataBANK0                            60       60       50       60       1
                dataCOMRAM                           5F       5F        1        1       1
                bssCOMRAM                            36       36       29        1       1
                cinit                              16BE     16BE       54      B5F       0
                idataBANK0                         166E     166E       50     166E       0
                idataCOMRAM                        3000     3000        1     17FE       0

TOTAL           Name                               Link     Load   Length     Space
        CLASS   CODE           
                init                               2FFC     2FFC        4         0
                reset_vec                             0        0        4         0
                text45                             1562     1562       3A         0
                text44                             183A     183A       6C         0
                text43                             159C     159C       44         0
                text42                             1460     1460       18         0
                text41                             265C     265C      1A0         0
                text40                             1770     1770       64         0
                text39                             1428     1428       10         0
                text38                             24CC     24CC      190         0
                text37                             1478     1478       18         0
                text36                             1712     1712       5E         0
                text35                             20EC     20EC      130         0
                text34                             1490     1490       1C         0
                text33                             1ACE     1ACE       A6         0
                text32                             13DE     13DE        6         0
                text31                             1438     1438       12         0
                text30                             13E4     13E4        8         0
                text29                             1404     1404        C         0
                text28                             13EC     13EC        8         0
                text27                             13F4     13F4        8         0
                text26                             13FC     13FC        8         0
                text25                             1410     1410        C         0
                text24                             1506     1506       2A         0
                text23                             14C8     14C8       1E         0
                text22                             1626     1626       48         0
                text21                             144A     144A       16         0
                text20                             141C     141C        C         0
                text19                             14E6     14E6       20         0
                text18                             14AC     14AC       1C         0
                text17                             1EB6     1EB6      108         0
                text16                             1C22     1C22       C0         0
                text15                             1B74     1B74       AE         0
                text14                             2358     2358      174         0
                text13                             1918     1918       84         0
                text12                             29B0     29B0      236         0
                text11                             17D4     17D4       66         0
                text10                             2BE6     2BE6      38E         0
                text9                              1DB0     1DB0      106         0
                text8                              18A6     18A6       72         0
                text7                              27FC     27FC      1B4         0
                text6                              1530     1530       32         0
                text5                              1CE2     1CE2       CE         0
                text4                              1A34     1A34       9A         0
                text3                              15E0     15E0       46         0
                text2                              1FBE     1FBE      12E         0
                text1                              221C     221C      13C         0
                text0                              199C     199C       98         0
                cinit                              16BE     16BE       54         0
                idataBANK0                         166E     166E       50         0
                idataCOMRAM                        3000     3000        1         0

        CLASS   CONST          

        CLASS   SMALLCONST     

        CLASS   MEDIUMCONST    
                mediumconst                        2F74     2F74       88         0

        CLASS   COMRAM         
                cstackCOMRAM                          1        1       35         1
                dataCOMRAM                           5F       5F        1         1
                bssCOMRAM                            36       36       29         1

        CLASS   ABS1           

        CLASS   BIGRAM         

        CLASS   RAM            

        CLASS   BANK0          
                dataBANK0                            60       60       50         1

        CLASS   BANK1          
                bssBANK1                            100      100       A0         1

        CLASS   BANK2          

        CLASS   BANK3          

        CLASS   BANK4          

        CLASS   BANK5          

        CLASS   SFR            

        CLASS   BIGSFR         

        CLASS   CONFIG         
                config                           300000   300000        E         4

        CLASS   IDLOC          
                idloc                            200000   200000        8         5

        CLASS   EEDATA         

        CLASS   FARRAM         

        CLASS   HEAP           

        CLASS   STACK          



SEGMENTS        Name                           Load    Length   Top    Selector   Space  Class

                reset_vec                      000000  000004  000004         0       0  CODE    
                cstackCOMRAM                   000001  00005F  000060         1       1  COMRAM  
                dataBANK0                      000060  000050  0000B0        60       1  BANK0   
                bssBANK1                       000100  0000A0  0001A0       100       1  BANK1   
                text32                         0013DE  000006  0013E4       9EF       0  CODE    
                text30                         0013E4  000008  0013EC       9F2       0  CODE    
                text28                         0013EC  000008  0013F4       9F6       0  CODE    
                text27                         0013F4  000008  0013FC       9FA       0  CODE    
                text26                         0013FC  000008  001404       9FE       0  CODE    
                text29                         001404  00000C  001410       A02       0  CODE    
                text25                         001410  00000C  00141C       A08       0  CODE    
                text20                         00141C  00000C  001428       A0E       0  CODE    
                text39                         001428  000010  001438       A14       0  CODE    
                text31                         001438  000012  00144A       A1C       0  CODE    
                text21                         00144A  000016  001460       A25       0  CODE    
                text42                         001460  000018  001478       A30       0  CODE    
                text37                         001478  000018  001490       A3C       0  CODE    
                text34                         001490  00001C  0014AC       A48       0  CODE    
                text18                         0014AC  00001C  0014C8       A56       0  CODE    
                text23                         0014C8  00001E  0014E6       A64       0  CODE    
                text19                         0014E6  000020  001506       A73       0  CODE    
                text24                         001506  00002A  001530       A83       0  CODE    
                text6                          001530  000032  001562       A98       0  CODE    
                text45                         001562  00003A  00159C       AB1       0  CODE    
                text43                         00159C  000044  0015E0       ACE       0  CODE    
                text3                          0015E0  000046  001626       AF0       0  CODE    
                text22                         001626  000048  00166E       B13       0  CODE    
                idataBANK0                     00166E  000050  0016BE      166E       0  CODE    
                cinit                          0016BE  000054  001712       B5F       0  CODE    
                text36                         001712  00005E  001770       B89       0  CODE    
                text40                         001770  000064  0017D4       BB8       0  CODE    
                text11                         0017D4  000066  00183A       BEA       0  CODE    
                text44                         00183A  00006C  0018A6       C1D       0  CODE    
                text8                          0018A6  000072  001918       C53       0  CODE    
                text13                         001918  000084  00199C       C8C       0  CODE    
                text0                          00199C  000098  001A34       CCE       0  CODE    
                text4                          001A34  00009A  001ACE       D1A       0  CODE    
                text33                         001ACE  0000A6  001B74       D67       0  CODE    
                text15                         001B74  0000AE  001C22       DBA       0  CODE    
                text16                         001C22  0000C0  001CE2       E11       0  CODE    
                text5                          001CE2  0000CE  001DB0       E71       0  CODE    
                text9                          001DB0  000106  001EB6       ED8       0  CODE    
                text17                         001EB6  000108  001FBE       F5B       0  CODE    
                text2                          001FBE  00012E  0020EC       FDF       0  CODE    
                text35                         0020EC  000130  00221C      1076       0  CODE    
                text1                          00221C  00013C  002358      110E       0  CODE    
                text14                         002358  000174  0024CC      11AC       0  CODE    
                text38                         0024CC  000190  00265C      1266       0  CODE    
                text41                         00265C  0001A0  0027FC      132E       0  CODE    
                text7                          0027FC  0001B4  0029B0      13FE       0  CODE    
                text12                         0029B0  000236  002BE6      14D8       0  CODE    
                text10                         002BE6  00038E  002F74      15F3       0  CODE    
                mediumconst                    002F74  000088  002FFC      17BA       0  MEDIUMCO
                init                           002FFC  000005  003001      17FE       0  CODE    


UNUSED ADDRESS RANGES

        Name                Unused          Largest block    Delta
        BANK0            0000B0-0000FF               50
        BANK1            0001A0-0001FF               60
        BANK2            000200-0002FF              100
        BANK3            000300-0003FF              100
        BANK4            000400-0004FF              100
        BANK5            000500-0005FF              100
        BIGRAM           0000B0-0000FF               50
                         0001A0-0005FF              460
        BIGSFR           000D00-000FFF              300
        CODE             000004-0013DD             13DA
        CONST            000004-0013DD             13DA
        EEDATA           F00000-F000FF              100
        MEDIUMCONST      000600-0013DD              DDE
        RAM              0000B0-0000FF               50
                         0001A0-0005FF              100
        SFR              000D00-000FFF              100
        SMALLCONST       000600-0013DD              100

                                  Symbol Table

?___awdiv                      cstackCOMRAM 000001
?___awmod                      cstackCOMRAM 000001
?___fldiv                      cstackCOMRAM 00000F
?___fltol                      cstackCOMRAM 000028
?___lwdiv                      cstackCOMRAM 000001
?___lwmod                      cstackCOMRAM 000001
?___xxtofl                     cstackCOMRAM 000001
?_read_adc                     cstackCOMRAM 000001
_ACKDT                         (abs)        007E2D
_ACKEN                         (abs)        007E2C
_ACKSTAT                       (abs)        007E2E
_ACQT0                         (abs)        007E03
_ACQT1                         (abs)        007E04
_ACQT2                         (abs)        007E05
_ADCON0                        (abs)        000FC2
_ADCS0                         (abs)        007E00
_ADCS1                         (abs)        007E01
_ADCS2                         (abs)        007E02
_ADFM                          (abs)        007E07
_ADON                          (abs)        007E10
_ADRESH                        (abs)        000FC4
_ADRESL                        (abs)        000FC3
_BCLIF                         (abs)        007D0B
_BRG16                         (abs)        007DC3
_BRGH                          (abs)        007D62
_CKE                           (abs)        007E3E
_CREN                          (abs)        007D5C
_EEADR                         (abs)        000FA9
_EECON1bits                    (abs)        000FA6
_EECON2                        (abs)        000FA7
_EEDATA                        (abs)        000FA8
_GIE                           (abs)        007F97
_GO                            (abs)        007E11
_GODONE                        (abs)        007E11
_INTCON2bits                   (abs)        000FF1
_PEN                           (abs)        007E2A
_PIR2bits                      (abs)        000FA1
_PORTB                         (abs)        000F81
_PORTBbits                     (abs)        000F81
_PORTD                         (abs)        000F83
_RC0                           (abs)        007C10
_RC1                           (abs)        007C11
_RC2                           (abs)        007C12
_RCEN                          (abs)        007E2B
_RCIF                          (abs)        007CF5
_RCREG                         (abs)        000FAE
_RD7                           (abs)        007C1F
_RSEN                          (abs)        007E29
_RX9                           (abs)        007D5E
_SEN                           (abs)        007E28
_SENDB                         (abs)        007D63
_SMP                           (abs)        007E3F
_SPBRG                         (abs)        000FAF
_SPEN                          (abs)        007D5F
_SSPADD                        (abs)        000FC8
_SSPBUF                        (abs)        000FC9
_SSPCON1                       (abs)        000FC6
_SSPIF                         (abs)        007CF3
_SYNC                          (abs)        007D64
_TRISB                         (abs)        000F93
_TRISC                         (abs)        000F94
_TRISC3                        (abs)        007CA3
_TRISC4                        (abs)        007CA4
_TRISC6                        (abs)        007CA6
_TRISC7                        (abs)        007CA7
_TRISD                         (abs)        000F95
_TRISD7                        (abs)        007CAF
_TX9                           (abs)        007D66
_TXEN                          (abs)        007D65
_TXIF                          (abs)        007CF4
_TXREG                         (abs)        000FAD
_VCFG0                         (abs)        007E0C
_VCFG1                         (abs)        007E0D
__HRAM                         (abs)        000000
__H__absolute__                __absolute__ 000000
__Habs1                        abs1         000000
__Hbank0                       bank0        000000
__Hbank1                       bank1        000000
__Hbank2                       bank2        000000
__Hbank3                       bank3        000000
__Hbank4                       bank4        000000
__Hbank5                       bank5        000000
__Hbigbss                      bigbss       000000
__Hbigdata                     bigdata      000000
__Hbigram                      bigram       000000
__Hbigsfr                      bigsfr       000000
__Hbss                         bss          000000
__HbssBANK1                    bssBANK1     000000
__HbssCOMRAM                   bssCOMRAM    000000
__Hcinit                       cinit        000000
__Hclrtext                     clrtext      000000
__Hcomram                      comram       000000
__Hconfig                      config       30000E
__Hconst                       const        000000
__HcstackCOMRAM                cstackCOMRAM 000000
__Hdata                        data         000000
__HdataBANK0                   dataBANK0    000000
__HdataCOMRAM                  dataCOMRAM   000000
__Heeprom_data                 eeprom_data  000000
__Hfarbss                      farbss       000000
__Hfardata                     fardata      000000
__Hheap                        heap         000000
__Hibigdata                    ibigdata     000000
__Hidata                       idata        000000
__HidataBANK0                  idataBANK0   000000
__HidataCOMRAM                 idataCOMRAM  000000
__Hidloc                       idloc        200008
__Hifardata                    ifardata     000000
__Hinit                        init         003000
__Hintcode                     intcode      000008
__Hintcode_body                intcode_body 000000
__Hintcodelo                   intcodelo    000018
__Hintentry                    intentry     000000
__Hintret                      intret       000000
__Hintsave_regs                intsave_regs 000000
__Hirdata                      irdata       000000
__Hmediumconst                 mediumconst  002FFC
__HnvFARRAM                    nvFARRAM     000000
__Hnvbit                       nvbit        000000
__Hnvrram                      nvrram       000000
__Hparam                       rparam       000000
__Hpowerup                     powerup      000000
__Hram                         ram          000000
__Hramtop                      ramtop       000600
__Hrbit                        rbit         000000
__Hrbss                        rbss         000000
__Hrdata                       rdata        000000
__Hreset_vec                   reset_vec    000004
__Hrparam                      rparam       000000
__Hsfr                         sfr          000000
__Hsivt_hi                     sivt_hi      000000
__Hsivt_lo                     sivt_lo      000018
__Hsmallconst                  smallconst   000000
__Hspace_0                     (abs)        003001
__Hspace_1                     (abs)        0001A0
__Hspace_2                     (abs)        000000
__Hspace_4                     (abs)        60000E
__Hstack                       stack        000000
__Hstruct                      struct       000000
__Htemp                        temp         000000
__Htext                        text         000000
__Htext0                       text0        000000
__Htext1                       text1        000000
__Htext10                      text10       000000
__Htext11                      text11       000000
__Htext12                      text12       000000
__Htext13                      text13       000000
__Htext14                      text14       000000
__Htext15                      text15       000000
__Htext16                      text16       000000
__Htext17                      text17       000000
__Htext18                      text18       000000
__Htext19                      text19       000000
__Htext2                       text2        000000
__Htext20                      text20       000000
__Htext21                      text21       000000
__Htext22                      text22       000000
__Htext23                      text23       000000
__Htext24                      text24       000000
__Htext25                      text25       000000
__Htext26                      text26       000000
__Htext27                      text27       000000
__Htext28                      text28       000000
__Htext29                      text29       000000
__Htext3                       text3        000000
__Htext30                      text30       000000
__Htext31                      text31       000000
__Htext32                      text32       000000
__Htext33                      text33       000000
__Htext34                      text34       000000
__Htext35                      text35       000000
__Htext36                      text36       000000
__Htext37                      text37       000000
__Htext38                      text38       000000
__Htext39                      text39       000000
__Htext4                       text4        000000
__Htext40                      text40       000000
__Htext41                      text41       000000
__Htext42                      text42       000000
__Htext43                      text43       000000
__Htext44                      text44       000000
__Htext45                      text45       000000
__Htext5                       text5        000000
__Htext6                       text6        000000
__Htext7                       text7        000000
__Htext8                       text8        000000
__Htext9                       text9        000000
__LRAM                         (abs)        000001
__L__absolute__                __absolute__ 000000
__Labs1                        abs1         000000
__Lbank0                       bank0        000000
__Lbank1                       bank1        000000
__Lbank2                       bank2        000000
__Lbank3                       bank3        000000
__Lbank4                       bank4        000000
__Lbank5                       bank5        000000
__Lbigbss                      bigbss       000000
__Lbigdata                     bigdata      000000
__Lbigram                      bigram       000000
__Lbigsfr                      bigsfr       000000
__Lbss                         bss          000000
__LbssBANK1                    bssBANK1     000000
__LbssCOMRAM                   bssCOMRAM    000000
__Lcinit                       cinit        000000
__Lclrtext                     clrtext      000000
__Lcomram                      comram       000000
__Lconfig                      config       000000
__Lconst                       const        000000
__LcstackCOMRAM                cstackCOMRAM 000000
__Ldata                        data         000000
__LdataBANK0                   dataBANK0    000000
__LdataCOMRAM                  dataCOMRAM   000000
__Leeprom_data                 eeprom_data  000000
__Lfarbss                      farbss       000000
__Lfardata                     fardata      000000
__Lheap                        heap         000000
__Libigdata                    ibigdata     000000
__Lidata                       idata        000000
__LidataBANK0                  idataBANK0   000000
__LidataCOMRAM                 idataCOMRAM  000000
__Lidloc                       idloc        000000
__Lifardata                    ifardata     000000
__Linit                        init         002FFC
__Lintcode                     intcode      000008
__Lintcode_body                intcode_body 000000
__Lintcodelo                   intcodelo    000018
__Lintentry                    intentry     000000
__Lintret                      intret       000000
__Lintsave_regs                intsave_regs 000000
__Lirdata                      irdata       000000
__Lmediumconst                 mediumconst  002F74
__LnvFARRAM                    nvFARRAM     000000
__Lnvbit                       nvbit        000000
__Lnvrram                      nvrram       000000
__Lparam                       rparam       000000
__Lpowerup                     powerup      000000
__Lram                         ram          000000
__Lramtop                      ramtop       000600
__Lrbit                        rbit         000000
__Lrbss                        rbss         000000
__Lrdata                       rdata        000000
__Lreset_vec                   reset_vec    000000
__Lrparam                      rparam       000000
__Lsfr                         sfr          000000
__Lsivt_hi                     sivt_hi      000000
__Lsivt_lo                     sivt_lo      000018
__Lsmallconst                  smallconst   000000
__Lspace_0                     (abs)        000000
__Lspace_1                     (abs)        000000
__Lspace_2                     (abs)        000000
__Lspace_4                     (abs)        000000
__Lstack                       stack        000000
__Lstruct                      struct       000000
__Ltemp                        temp         000000
__Ltext                        text         000000
__Ltext0                       text0        000000
__Ltext1                       text1        000000
__Ltext10                      text10       000000
__Ltext11                      text11       000000
__Ltext12                      text12       000000
__Ltext13                      text13       000000
__Ltext14                      text14       000000
__Ltext15                      text15       000000
__Ltext16                      text16       000000
__Ltext17                      text17       000000
__Ltext18                      text18       000000
__Ltext19                      text19       000000
__Ltext2                       text2        000000
__Ltext20                      text20       000000
__Ltext21                      text21       000000
__Ltext22                      text22       000000
__Ltext23                      text23       000000
__Ltext24                      text24       000000
__Ltext25                      text25       000000
__Ltext26                      text26       000000
__Ltext27                      text27       000000
__Ltext28                      text28       000000
__Ltext29                      text29       000000
__Ltext3                       text3        000000
__Ltext30                      text30       000000
__Ltext31                      text31       000000
__Ltext32                      text32       000000
__Ltext33                      text33       000000
__Ltext34                      text34       000000
__Ltext35                      text35       000000
__Ltext36                      text36       000000
__Ltext37                      text37       000000
__Ltext38                      text38       000000
__Ltext39                      text39       000000
__Ltext4                       text4        000000
__Ltext40                      text40       000000
__Ltext41                      text41       000000
__Ltext42                      text42       000000
__Ltext43                      text43       000000
__Ltext44                      text44       000000
__Ltext45                      text45       000000
__Ltext5                       text5        000000
__Ltext6                       text6        000000
__Ltext7                       text7        000000
__Ltext8                       text8        000000
__Ltext9                       text9        000000
__S0                           (abs)        003001
__S1                           (abs)        0001A0
__S4                           (abs)        000000
__S5                           (abs)        000000
___awdiv                       text16       001C22
___awdiv@counter               cstackCOMRAM 000005
___awdiv@dividend              cstackCOMRAM 000001
___awdiv@divisor               cstackCOMRAM 000003
___awdiv@quotient              cstackCOMRAM 000007
___awdiv@sign                  cstackCOMRAM 000006
___awmod                       text15       001B74
___awmod@counter               cstackCOMRAM 000005
___awmod@dividend              cstackCOMRAM 000001
___awmod@divisor               cstackCOMRAM 000003
___awmod@sign                  cstackCOMRAM 000006
___fldiv                       text10       002BE6
___fldiv@a                     cstackCOMRAM 000013
___fldiv@aexp                  cstackCOMRAM 000027
___fldiv@b                     cstackCOMRAM 00000F
___fldiv@bexp                  cstackCOMRAM 000026
___fldiv@grs                   cstackCOMRAM 000022
___fldiv@new_exp               cstackCOMRAM 000020
___fldiv@rem                   cstackCOMRAM 00001B
___fldiv@sign                  cstackCOMRAM 00001F
___fltol                       text9        001DB0
___fltol@exp1                  cstackCOMRAM 000031
___fltol@f1                    cstackCOMRAM 000028
___fltol@sign1                 cstackCOMRAM 000030
___heap_hi                     (abs)        000000
___heap_lo                     (abs)        000000
___inthi_sp                    stack        000000
___inthi_stack_hi              stack        000000
___inthi_stack_lo              stack        000000
___intlo_sp                    stack        000000
___intlo_stack_hi              stack        000000
___intlo_stack_lo              stack        000000
___lwdiv                       text8        0018A6
___lwdiv@counter               cstackCOMRAM 000007
___lwdiv@dividend              cstackCOMRAM 000001
___lwdiv@divisor               cstackCOMRAM 000003
___lwdiv@quotient              cstackCOMRAM 000005
___lwmod                       text40       001770
___lwmod@counter               cstackCOMRAM 000005
___lwmod@dividend              cstackCOMRAM 000001
___lwmod@divisor               cstackCOMRAM 000003
___param_bank                  (abs)        000000
___rparam_used                 (abs)        000001
___sp                          stack        000000
___stack_hi                    stack        000000
___stack_lo                    stack        000000
___xxtofl                      text7        0027FC
___xxtofl@arg                  cstackCOMRAM 00000B
___xxtofl@exp                  cstackCOMRAM 00000A
___xxtofl@sign                 cstackCOMRAM 000009
___xxtofl@val                  cstackCOMRAM 000001
__accesstop                    (abs)        000060
__activetblptr                 (abs)        000002
__end_of___awdiv               text16       001CE2
__end_of___awmod               text15       001C22
__end_of___fldiv               text10       002F74
__end_of___fltol               text9        001EB6
__end_of___lwdiv               text8        001918
__end_of___lwmod               text40       0017D4
__end_of___xxtofl              text7        0029B0
__end_of__initialization       cinit        001708
__end_of_clcd_print            text44       0018A6
__end_of_clcd_putch            text42       001478
__end_of_clcd_write            text45       00159C
__end_of_clear_log             text43       0015E0
__end_of_display_blink_time    text14       0024CC
__end_of_display_main_menu     text41       0027FC
__end_of_download_log          text35       00221C
__end_of_event_reader          text38       00265C
__end_of_event_store           text5        001DB0
__end_of_gear                  mediumconst  002F90
__end_of_get_gear              text4        001ACE
__end_of_get_time              text13       00199C
__end_of_i2c_idle              text31       00144A
__end_of_i2c_no_ack            text32       0013E4
__end_of_i2c_read              text29       001410
__end_of_i2c_rep_start         text28       0013F4
__end_of_i2c_rx_mode           text30       0013EC
__end_of_i2c_start             text27       0013FC
__end_of_i2c_stop              text26       001404
__end_of_i2c_write             text25       00141C
__end_of_init_adc              text34       0014AC
__end_of_init_clcd             text33       001B74
__end_of_init_config           text18       0014C8
__end_of_init_ds1307           text22       00166E
__end_of_init_i2c              text21       001460
__end_of_init_matrix_keypad    text20       001428
__end_of_init_uart             text19       001506
__end_of_main                  text0        001A34
__end_of_putch                 text37       001490
__end_of_puts                  text36       001770
__end_of_read_adc              text3        001626
__end_of_read_ds1307           text24       001530
__end_of_read_internal_eeprom  text39       001438
__end_of_scan_switch           text17       001FBE
__end_of_set_time              text12       002BE6
__end_of_triggering_type       text11       00183A
__end_of_view_dashboard        text2        0020EC
__end_of_view_log              text1        002358
__end_of_write_ds1307          text23       0014E6
__end_of_write_internal_eeprom text6        001562
__initialization               cinit        0016BE
__mediumconst                  mediumconst  002F74
__pbssBANK1                    bssBANK1     000100
__pbssCOMRAM                   bssCOMRAM    000036
__pcinit                       cinit        0016BE
__pcstackCOMRAM                cstackCOMRAM 000001
__pdataBANK0                   dataBANK0    000060
__pdataCOMRAM                  dataCOMRAM   00005F
__pidataBANK0                  idataBANK0   00166E
__pidataCOMRAM                 idataCOMRAM  003000
__pmediumconst                 mediumconst  002F74
__ptext0                       text0        00199C
__ptext1                       text1        00221C
__ptext10                      text10       002BE6
__ptext11                      text11       0017D4
__ptext12                      text12       0029B0
__ptext13                      text13       001918
__ptext14                      text14       002358
__ptext15                      text15       001B74
__ptext16                      text16       001C22
__ptext17                      text17       001EB6
__ptext18                      text18       0014AC
__ptext19                      text19       0014E6
__ptext2                       text2        001FBE
__ptext20                      text20       00141C
__ptext21                      text21       00144A
__ptext22                      text22       001626
__ptext23                      text23       0014C8
__ptext24                      text24       001506
__ptext25                      text25       001410
__ptext26                      text26       0013FC
__ptext27                      text27       0013F4
__ptext28                      text28       0013EC
__ptext29                      text29       001404
__ptext3                       text3        0015E0
__ptext30                      text30       0013E4
__ptext31                      text31       001438
__ptext32                      text32       0013DE
__ptext33                      text33       001ACE
__ptext34                      text34       001490
__ptext35                      text35       0020EC
__ptext36                      text36       001712
__ptext37                      text37       001478
__ptext38                      text38       0024CC
__ptext39                      text39       001428
__ptext4                       text4        001A34
__ptext40                      text40       001770
__ptext41                      text41       00265C
__ptext42                      text42       001460
__ptext43                      text43       00159C
__ptext44                      text44       00183A
__ptext45                      text45       001562
__ptext5                       text5        001CE2
__ptext6                       text6        001530
__ptext7                       text7        0027FC
__ptext8                       text8        0018A6
__ptext9                       text9        001DB0
__ramtop                       ramtop       000600
__smallconst                   mediumconst  002F74
_adc_val                       bssCOMRAM    000047
_addr                          bssCOMRAM    00004F
_clcd_print                    text44       00183A
_clcd_putch                    text42       001460
_clcd_write                    text45       001562
_clear_log                     text43       00159C
_clock_reg                     bssCOMRAM    000036
_display_blink_time            text14       002358
_display_main_menu             text41       00265C
_download_log                  text35       0020EC
_event_count                   bssCOMRAM    000041
_event_reader                  text38       0024CC
_event_store                   text5        001CE2
_gear                          mediumconst  002F75
_get_gear                      text4        001A34
_get_time                      text13       001918
_i2c_idle                      text31       001438
_i2c_no_ack                    text32       0013DE
_i2c_read                      text29       001404
_i2c_rep_start                 text28       0013EC
_i2c_rx_mode                   text30       0013E4
_i2c_start                     text27       0013F4
_i2c_stop                      text26       0013FC
_i2c_write                     text25       001410
_index                         bssCOMRAM    000043
_init_adc                      text34       001490
_init_clcd                     text33       001ACE
_init_config                   text18       0014AC
_init_ds1307                   text22       001626
_init_i2c                      text21       00144A
_init_matrix_keypad            text20       00141C
_init_uart                     text19       0014E6
_is_12hr                       bssCOMRAM    00004E
_key                           bssCOMRAM    000051
_m_index                       bssCOMRAM    00003F
_main                          text0        00199C
_menu_options                  dataBANK0    000060
_once                          dataCOMRAM   00005F
_putch                         text37       001478
_puts                          text36       001712
_read_adc                      text3        0015E0
_read_data                     bssBANK1     000100
_read_ds1307                   text24       001506
_read_internal_eeprom          text39       001428
_scan_switch                   text17       001EB6
_set_time                      text12       0029B0
_speed                         bssCOMRAM    000045
_speed_arr                     bssCOMRAM    00005C
_state                         bssCOMRAM    000052
_time                          bssCOMRAM    000053
_triggering_type               text11       0017D4
_v_index                       bssCOMRAM    00003D
_value                         bssCOMRAM    000050
_view_dashboard                text2        001FBE
_view_log                      text1        00221C
_write_ds1307                  text23       0014C8
_write_internal_eeprom         text6        001530
clcd_print@addr                cstackCOMRAM 000005
clcd_print@data                cstackCOMRAM 000003
clcd_putch@addr                cstackCOMRAM 000009
clcd_putch@data                cstackCOMRAM 00000A
clcd_write@byte                cstackCOMRAM 000002
clcd_write@control_bit         cstackCOMRAM 000001
display_blink_time@blink_delay bssCOMRAM    000039
display_blink_time@field       cstackCOMRAM 00000D
display_blink_time@hr          cstackCOMRAM 000010
display_blink_time@min         cstackCOMRAM 00000B
display_blink_time@sec         cstackCOMRAM 00000C
download_log@i                 cstackCOMRAM 000015
download_log@total_logs        cstackCOMRAM 000013
end_of_initialization          cinit        001708
event_reader@end               cstackCOMRAM 00000A
event_reader@i                 cstackCOMRAM 00000D
event_reader@j                 cstackCOMRAM 00000F
event_reader@start_addr        cstackCOMRAM 00000C
event_store@i                  cstackCOMRAM 000006
get_gear@prev_index            bssCOMRAM    00003B
i2c_write@data                 cstackCOMRAM 000001
init_ds1307@dummy              cstackCOMRAM 00000B
intlevel0                      text         000000
intlevel1                      text         000000
intlevel2                      text         000000
intlevel3                      text         000000
isa$std                        (abs)        000001
isa$xinst                      (abs)        000000
putch@byte                     cstackCOMRAM 000001
puts@s                         cstackCOMRAM 000002
read_adc@channel               cstackCOMRAM 000007
read_adc@reg_val               cstackCOMRAM 000005
read_ds1307@address            cstackCOMRAM 000002
read_ds1307@data               cstackCOMRAM 000003
read_internal_eeprom@address   cstackCOMRAM 000001
set_time@field                 bssCOMRAM    00004D
set_time@hr                    bssCOMRAM    00004C
set_time@init_flag             bssCOMRAM    000049
set_time@min                   bssCOMRAM    00004B
set_time@sec                   bssCOMRAM    00004A
stackhi                        (abs)        000000
stacklo                        (abs)        000000
start                          init         002FFC
start_initialization           cinit        0016BE
triggering_type@detect_type    cstackCOMRAM 000002
triggering_type@key            cstackCOMRAM 000001
view_log@total_logs            cstackCOMRAM 000013
write_ds1307@address           cstackCOMRAM 00000A
write_ds1307@data              cstackCOMRAM 000009
write_internal_eeprom@address  cstackCOMRAM 000002
write_internal_eeprom@data     cstackCOMRAM 000001


MODULE INFORMATION

Module		Function		Class		Link	Load	Size
internal_eeprom.c
		_read_internal_eeprom		CODE           	1428	0000	16
		_write_internal_eeprom		CODE           	1530	0000	50

internal_eeprom.c estimated size: 66

C:\Program Files\Microchip\xc8\v3.10\pic\sources\c99\common\lwmod.c
		___lwmod       		CODE           	1770	0000	100

C:\Program Files\Microchip\xc8\v3.10\pic\sources\c99\common\lwmod.c estimated size: 100

C:\Program Files\Microchip\xc8\v3.10\pic\sources\c99\common\awmod.c
		___awmod       		CODE           	1B74	0000	174

C:\Program Files\Microchip\xc8\v3.10\pic\sources\c99\common\awmod.c estimated size: 174

matrix_keypad.c
		_init_matrix_keypad		CODE           	141C	0000	12
		_triggering_type		CODE           	17D4	0000	102
		_scan_switch   		CODE           	1EB6	0000	264

matrix_keypad.c estimated size: 378

uart.c
		_putch         		CODE           	1478	0000	24
		_init_uart     		CODE           	14E6	0000	32
		_puts          		CODE           	1712	0000	94

uart.c estimated size: 150

i2c.c
		_i2c_start     		CODE           	13F4	0000	8
		_i2c_no_ack    		CODE           	13DE	0000	6
		_i2c_rep_start 		CODE           	13EC	0000	8
		_i2c_idle      		CODE           	1438	0000	18
		_i2c_write     		CODE           	1410	0000	12
		_i2c_stop      		CODE           	13FC	0000	8
		_i2c_read      		CODE           	1404	0000	12
		_init_i2c      		CODE           	144A	0000	22
		_i2c_rx_mode   		CODE           	13E4	0000	8

i2c.c estimated size: 102

ds1307.c
		_read_ds1307   		CODE           	1506	0000	42
		_write_ds1307  		CODE           	14C8	0000	30
		_init_ds1307   		CODE           	1626	0000	72

ds1307.c estimated size: 144

C:\Program Files\Microchip\xc8\v3.10\pic\sources\c99\common\lwdiv.c
		___lwdiv       		CODE           	18A6	0000	114

C:\Program Files\Microchip\xc8\v3.10\pic\sources\c99\common\lwdiv.c estimated size: 114

C:\Program Files\Microchip\xc8\v3.10\pic\sources\c99\common\awdiv.c
		___awdiv       		CODE           	1C22	0000	192

C:\Program Files\Microchip\xc8\v3.10\pic\sources\c99\common\awdiv.c estimated size: 192

adc.c
		_init_adc      		CODE           	1490	0000	28
		_read_adc      		CODE           	15E0	0000	70

adc.c estimated size: 98

C:\Program Files\Microchip\xc8\v3.10\pic\sources\c99\common\fltol.c
		___fltol       		CODE           	1DB0	0000	262

C:\Program Files\Microchip\xc8\v3.10\pic\sources\c99\common\fltol.c estimated size: 262

C:\Program Files\Microchip\xc8\v3.10\pic\sources\c99\common\xxtofl.c
		___xxtofl      		CODE           	27FC	0000	436

C:\Program Files\Microchip\xc8\v3.10\pic\sources\c99\common\xxtofl.c estimated size: 436

C:\Program Files\Microchip\xc8\v3.10\pic\sources\c99\common\sprcdiv.c
		___fldiv       		CODE           	2BE6	0000	910

C:\Program Files\Microchip\xc8\v3.10\pic\sources\c99\common\sprcdiv.c estimated size: 910

shared
		_gear          		MEDIUMCONST    	2F75	0000	27
		__initialization		CODE           	16BE	0000	74

shared estimated size: 101

clcd.c
		_clcd_write    		CODE           	1562	0000	58
		_clcd_print    		CODE           	183A	0000	108
		_clcd_putch    		CODE           	1460	0000	24
		_init_clcd     		CODE           	1ACE	0000	166

clcd.c estimated size: 356

black_box.c
		_view_log      		CODE           	221C	0000	316
		_event_store   		CODE           	1CE2	0000	206
		_display_main_menu		CODE           	265C	0000	416
		_get_time      		CODE           	1918	0000	132
		_event_reader  		CODE           	24CC	0000	400
		_display_blink_time		CODE           	2358	0000	372
		_download_log  		CODE           	20EC	0000	304
		_set_time      		CODE           	29B0	0000	566
		_get_gear      		CODE           	1A34	0000	154
		_clear_log     		CODE           	159C	0000	68
		_view_dashboard		CODE           	1FBE	0000	302

black_box.c estimated size: 3236

main.c
		_main          		CODE           	199C	0000	152
		_init_config   		CODE           	14AC	0000	28

main.c estimated size: 180

